03:16:31.665 INFO  com.kibot.macengine.runtime.MacEngineDaemon - Mac engine daemon loop started.
03:16:31.682 WARN  com.kibot.macengine.runtime.MacEngineDaemon - Lead-lag UDP listener init failed: Address already in use
03:16:31.696 INFO  io.ktor.server.Application - Autoreload is disabled because the development mode is off.
03:16:31.816 INFO  io.ktor.server.Application - Application started in 0.166 seconds.
Exception in thread "main" kotlinx.coroutines.JobCancellationException: LazyStandaloneCoroutine is cancelling; job=LazyStandaloneCoroutine{Cancelling}@6fd5717c
Caused by: java.net.BindException: Address already in use
	at java.base/sun.nio.ch.Net.bind0(Native Method)
	at java.base/sun.nio.ch.Net.bind(Net.java:577)
	at java.base/sun.nio.ch.ServerSocketChannelImpl.netBind(ServerSocketChannelImpl.java:344)
	at java.base/sun.nio.ch.ServerSocketChannelImpl.bind(ServerSocketChannelImpl.java:301)
	at io.ktor.network.sockets.ConnectUtilsJvmKt.tcpBind(ConnectUtilsJvm.kt:35)
	at io.ktor.network.sockets.TcpSocketBuilder.bind(TcpSocketBuilder.kt:58)
	at io.ktor.network.sockets.TcpSocketBuilder.bind(TcpSocketBuilder.kt:38)
	at io.ktor.server.cio.backend.HttpServerKt$httpServer$acceptJob$1.invokeSuspend(HttpServer.kt:45)
	at kotlin.coroutines.jvm.internal.BaseContinuationImpl.resumeWith(ContinuationImpl.kt:33)
	at kotlinx.coroutines.DispatchedTask.run(DispatchedTask.kt:100)
	at kotlinx.coroutines.internal.LimitedDispatcher$Worker.run(LimitedDispatcher.kt:113)
	at kotlinx.coroutines.scheduling.TaskImpl.run(Tasks.kt:89)
	at kotlinx.coroutines.scheduling.CoroutineScheduler.runSafely(CoroutineScheduler.kt:586)
	at kotlinx.coroutines.scheduling.CoroutineScheduler$Worker.executeTask(CoroutineScheduler.kt:820)
	at kotlinx.coroutines.scheduling.CoroutineScheduler$Worker.runWorker(CoroutineScheduler.kt:717)
	at kotlinx.coroutines.scheduling.CoroutineScheduler$Worker.run(CoroutineScheduler.kt:704)
Exception in thread "DefaultDispatcher-worker-4" java.net.BindException: Address already in use
	at java.base/sun.nio.ch.Net.bind0(Native Method)
	at java.base/sun.nio.ch.Net.bind(Net.java:577)
	at java.base/sun.nio.ch.ServerSocketChannelImpl.netBind(ServerSocketChannelImpl.java:344)
	at java.base/sun.nio.ch.ServerSocketChannelImpl.bind(ServerSocketChannelImpl.java:301)
	at io.ktor.network.sockets.ConnectUtilsJvmKt.tcpBind(ConnectUtilsJvm.kt:35)
	at io.ktor.network.sockets.TcpSocketBuilder.bind(TcpSocketBuilder.kt:58)
	at io.ktor.network.sockets.TcpSocketBuilder.bind(TcpSocketBuilder.kt:38)
	at io.ktor.server.cio.backend.HttpServerKt$httpServer$acceptJob$1.invokeSuspend(HttpServer.kt:45)
	at kotlin.coroutines.jvm.internal.BaseContinuationImpl.resumeWith(ContinuationImpl.kt:33)
	at kotlinx.coroutines.DispatchedTask.run(DispatchedTask.kt:100)
	at kotlinx.coroutines.internal.LimitedDispatcher$Worker.run(LimitedDispatcher.kt:113)
	at kotlinx.coroutines.scheduling.TaskImpl.run(Tasks.kt:89)
	at kotlinx.coroutines.scheduling.CoroutineScheduler.runSafely(CoroutineScheduler.kt:586)
	at kotlinx.coroutines.scheduling.CoroutineScheduler$Worker.executeTask(CoroutineScheduler.kt:820)
	at kotlinx.coroutines.scheduling.CoroutineScheduler$Worker.runWorker(CoroutineScheduler.kt:717)
	at kotlinx.coroutines.scheduling.CoroutineScheduler$Worker.run(CoroutineScheduler.kt:704)
	Suppressed: kotlinx.coroutines.internal.DiagnosticCoroutineContextException: [LazyStandaloneCoroutine{Cancelling}@6fd5717c, Dispatchers.IO]
03:17:20.755 INFO  KiBotMac - Shutting down KiBot mac engine.
