03:23:15.962 INFO  com.kibot.macengine.runtime.MacEngineDaemon - Mac engine daemon loop started.
03:23:15.993 INFO  io.ktor.server.Application - Autoreload is disabled because the development mode is off.
03:23:16.003 WARN  com.kibot.macengine.runtime.MacEngineDaemon - [STALL_RECOVERY] Trading stalled for 120 minutes! Attempt #1 to recover...
03:23:16.003 ERROR com.kibot.macengine.runtime.MacEngineDaemon - [EMERGENCY_OVERRIDE] 120 min without trade! BYPASSING entry filters and risk limits to FORCE entry!
03:23:16.005 INFO  com.kibot.macengine.runtime.MacEngineDaemon - [STALL_RECOVERY] Escalating mode: SAFE → DEFENSIVE
03:23:16.007 INFO  com.kibot.macengine.runtime.MacEngineDaemon - [STALL_RECOVERY] Escalating bot mode: SAFE → DEFENSIVE
[STALL_RECOVERY] ⚠️ No trades for 120min - Bot may be stuck. Mode escalation active to recover.

03:23:16.091 INFO  io.ktor.server.Application - Application started in 0.143 seconds.
03:23:16.114 INFO  io.ktor.server.Application - Responding at http://0.0.0.0:8787
03:23:28.374 WARN  com.kibot.macengine.runtime.MacEngineDaemon - [STALL_RECOVERY] Trading stalled for 120 minutes! Attempt #2 to recover...
03:23:28.374 ERROR com.kibot.macengine.runtime.MacEngineDaemon - [EMERGENCY_OVERRIDE] 120 min without trade! BYPASSING entry filters and risk limits to FORCE entry!
03:23:28.374 INFO  com.kibot.macengine.runtime.MacEngineDaemon - [STALL_RECOVERY] Escalating mode: SAFE → DEFENSIVE
03:23:28.374 INFO  com.kibot.macengine.runtime.MacEngineDaemon - [STALL_RECOVERY] Escalating bot mode: SAFE → DEFENSIVE
[STALL_RECOVERY] ⚠️ No trades for 120min - Bot may be stuck. Mode escalation active to recover.

03:23:34.920 WARN  com.kibot.macengine.runtime.MacEngineDaemon - [STALL_RECOVERY] Trading stalled for 120 minutes! Attempt #3 to recover...
03:23:34.920 ERROR com.kibot.macengine.runtime.MacEngineDaemon - [EMERGENCY_OVERRIDE] 120 min without trade! BYPASSING entry filters and risk limits to FORCE entry!
03:23:34.920 INFO  com.kibot.macengine.runtime.MacEngineDaemon - [STALL_RECOVERY] Escalating mode: SAFE → DEFENSIVE
03:23:34.920 INFO  com.kibot.macengine.runtime.MacEngineDaemon - [STALL_RECOVERY] Escalating bot mode: SAFE → DEFENSIVE
[STALL_RECOVERY] ⚠️ No trades for 120min - Bot may be stuck. Mode escalation active to recover.

03:23:41.408 WARN  com.kibot.macengine.runtime.MacEngineDaemon - [STALL_RECOVERY] Trading stalled for 120 minutes! Attempt #4 to recover...
03:23:41.409 ERROR com.kibot.macengine.runtime.MacEngineDaemon - [EMERGENCY_OVERRIDE] 120 min without trade! BYPASSING entry filters and risk limits to FORCE entry!
03:23:41.409 INFO  com.kibot.macengine.runtime.MacEngineDaemon - [STALL_RECOVERY] Escalating mode: SAFE → DEFENSIVE
03:23:41.410 INFO  com.kibot.macengine.runtime.MacEngineDaemon - [STALL_RECOVERY] Escalating bot mode: SAFE → DEFENSIVE
[STALL_RECOVERY] ⚠️ No trades for 120min - Bot may be stuck. Mode escalation active to recover.

03:23:47.896 WARN  com.kibot.macengine.runtime.MacEngineDaemon - [STALL_RECOVERY] Trading stalled for 120 minutes! Attempt #5 to recover...
03:23:47.897 ERROR com.kibot.macengine.runtime.MacEngineDaemon - [EMERGENCY_OVERRIDE] 120 min without trade! BYPASSING entry filters and risk limits to FORCE entry!
03:23:47.897 INFO  com.kibot.macengine.runtime.MacEngineDaemon - [STALL_RECOVERY] Escalating mode: SAFE → DEFENSIVE
03:23:47.897 INFO  com.kibot.macengine.runtime.MacEngineDaemon - [STALL_RECOVERY] Escalating bot mode: SAFE → DEFENSIVE
[STALL_RECOVERY] ⚠️ No trades for 120min - Bot may be stuck. Mode escalation active to recover.

03:23:54.357 WARN  com.kibot.macengine.runtime.MacEngineDaemon - [STALL_RECOVERY] Trading stalled for 120 minutes! Attempt #6 to recover...
03:23:54.357 ERROR com.kibot.macengine.runtime.MacEngineDaemon - [EMERGENCY_OVERRIDE] 120 min without trade! BYPASSING entry filters and risk limits to FORCE entry!
03:23:54.358 INFO  com.kibot.macengine.runtime.MacEngineDaemon - [STALL_RECOVERY] Escalating mode: SAFE → DEFENSIVE
03:23:54.358 INFO  com.kibot.macengine.runtime.MacEngineDaemon - [STALL_RECOVERY] Escalating bot mode: SAFE → DEFENSIVE
[STALL_RECOVERY] ⚠️ No trades for 120min - Bot may be stuck. Mode escalation active to recover.

03:24:00.000 INFO  KiBotMac - Shutting down KiBot mac engine.
