03:18:30.719 INFO  com.kibot.macengine.runtime.MacEngineDaemon - Mac engine daemon loop started.
03:18:30.748 INFO  io.ktor.server.Application - Autoreload is disabled because the development mode is off.
03:18:30.761 WARN  com.kibot.macengine.runtime.MacEngineDaemon - [STALL_RECOVERY] Trading stalled for 120 minutes! Attempt #1 to recover...
03:18:30.762 ERROR com.kibot.macengine.runtime.MacEngineDaemon - [EMERGENCY_OVERRIDE] 120 min without trade! BYPASSING entry filters and risk limits to FORCE entry!
03:18:30.763 INFO  com.kibot.macengine.runtime.MacEngineDaemon - [STALL_RECOVERY] Escalating mode: SAFE → DEFENSIVE
03:18:30.767 INFO  com.kibot.macengine.runtime.MacEngineDaemon - [STALL_RECOVERY] Escalating bot mode: SAFE → DEFENSIVE
[STALL_RECOVERY] ⚠️ No trades for 120min - Bot may be stuck. Mode escalation active to recover.

03:18:30.850 INFO  io.ktor.server.Application - Application started in 0.144 seconds.
03:18:30.873 INFO  io.ktor.server.Application - Responding at http://0.0.0.0:8787
03:18:39.276 WARN  com.kibot.macengine.runtime.MacEngineDaemon - [STALL_RECOVERY] Trading stalled for 120 minutes! Attempt #2 to recover...
03:18:39.276 ERROR com.kibot.macengine.runtime.MacEngineDaemon - [EMERGENCY_OVERRIDE] 120 min without trade! BYPASSING entry filters and risk limits to FORCE entry!
03:18:39.276 INFO  com.kibot.macengine.runtime.MacEngineDaemon - [STALL_RECOVERY] Escalating mode: SAFE → DEFENSIVE
03:18:39.276 INFO  com.kibot.macengine.runtime.MacEngineDaemon - [STALL_RECOVERY] Escalating bot mode: SAFE → DEFENSIVE
[STALL_RECOVERY] ⚠️ No trades for 120min - Bot may be stuck. Mode escalation active to recover.

03:18:45.730 WARN  com.kibot.macengine.runtime.MacEngineDaemon - [STALL_RECOVERY] Trading stalled for 120 minutes! Attempt #3 to recover...
03:18:45.731 ERROR com.kibot.macengine.runtime.MacEngineDaemon - [EMERGENCY_OVERRIDE] 120 min without trade! BYPASSING entry filters and risk limits to FORCE entry!
03:18:45.731 INFO  com.kibot.macengine.runtime.MacEngineDaemon - [STALL_RECOVERY] Escalating mode: SAFE → DEFENSIVE
03:18:45.731 INFO  com.kibot.macengine.runtime.MacEngineDaemon - [STALL_RECOVERY] Escalating bot mode: SAFE → DEFENSIVE
[STALL_RECOVERY] ⚠️ No trades for 120min - Bot may be stuck. Mode escalation active to recover.

03:18:52.273 WARN  com.kibot.macengine.runtime.MacEngineDaemon - [STALL_RECOVERY] Trading stalled for 120 minutes! Attempt #4 to recover...
03:18:52.274 ERROR com.kibot.macengine.runtime.MacEngineDaemon - [EMERGENCY_OVERRIDE] 120 min without trade! BYPASSING entry filters and risk limits to FORCE entry!
03:18:52.274 INFO  com.kibot.macengine.runtime.MacEngineDaemon - [STALL_RECOVERY] Escalating mode: SAFE → DEFENSIVE
03:18:52.274 INFO  com.kibot.macengine.runtime.MacEngineDaemon - [STALL_RECOVERY] Escalating bot mode: SAFE → DEFENSIVE
[STALL_RECOVERY] ⚠️ No trades for 120min - Bot may be stuck. Mode escalation active to recover.

03:18:58.631 WARN  com.kibot.macengine.runtime.MacEngineDaemon - [STALL_RECOVERY] Trading stalled for 120 minutes! Attempt #5 to recover...
03:18:58.632 ERROR com.kibot.macengine.runtime.MacEngineDaemon - [EMERGENCY_OVERRIDE] 120 min without trade! BYPASSING entry filters and risk limits to FORCE entry!
03:18:58.632 INFO  com.kibot.macengine.runtime.MacEngineDaemon - [STALL_RECOVERY] Escalating mode: SAFE → DEFENSIVE
03:18:58.632 INFO  com.kibot.macengine.runtime.MacEngineDaemon - [STALL_RECOVERY] Escalating bot mode: SAFE → DEFENSIVE
[STALL_RECOVERY] ⚠️ No trades for 120min - Bot may be stuck. Mode escalation active to recover.

03:19:05.116 WARN  com.kibot.macengine.runtime.MacEngineDaemon - [STALL_RECOVERY] Trading stalled for 120 minutes! Attempt #6 to recover...
03:19:05.116 ERROR com.kibot.macengine.runtime.MacEngineDaemon - [EMERGENCY_OVERRIDE] 120 min without trade! BYPASSING entry filters and risk limits to FORCE entry!
03:19:05.116 INFO  com.kibot.macengine.runtime.MacEngineDaemon - [STALL_RECOVERY] Escalating mode: SAFE → DEFENSIVE
03:19:05.116 INFO  com.kibot.macengine.runtime.MacEngineDaemon - [STALL_RECOVERY] Escalating bot mode: SAFE → DEFENSIVE
[STALL_RECOVERY] ⚠️ No trades for 120min - Bot may be stuck. Mode escalation active to recover.

03:19:11.689 WARN  com.kibot.macengine.runtime.MacEngineDaemon - [STALL_RECOVERY] Trading stalled for 120 minutes! Attempt #7 to recover...
03:19:11.690 ERROR com.kibot.macengine.runtime.MacEngineDaemon - [EMERGENCY_OVERRIDE] 120 min without trade! BYPASSING entry filters and risk limits to FORCE entry!
03:19:11.690 INFO  com.kibot.macengine.runtime.MacEngineDaemon - [STALL_RECOVERY] Escalating mode: SAFE → DEFENSIVE
03:19:11.690 INFO  com.kibot.macengine.runtime.MacEngineDaemon - [STALL_RECOVERY] Escalating bot mode: SAFE → DEFENSIVE
[STALL_RECOVERY] ⚠️ No trades for 120min - Bot may be stuck. Mode escalation active to recover.

03:19:18.369 WARN  com.kibot.macengine.runtime.MacEngineDaemon - [STALL_RECOVERY] Trading stalled for 120 minutes! Attempt #8 to recover...
03:19:18.369 ERROR com.kibot.macengine.runtime.MacEngineDaemon - [EMERGENCY_OVERRIDE] 120 min without trade! BYPASSING entry filters and risk limits to FORCE entry!
03:19:18.370 INFO  com.kibot.macengine.runtime.MacEngineDaemon - [STALL_RECOVERY] Escalating mode: SAFE → DEFENSIVE
03:19:18.370 INFO  com.kibot.macengine.runtime.MacEngineDaemon - [STALL_RECOVERY] Escalating bot mode: SAFE → DEFENSIVE
[STALL_RECOVERY] ⚠️ No trades for 120min - Bot may be stuck. Mode escalation active to recover.

03:19:19.742 INFO  KiBotMac - Shutting down KiBot mac engine.
