03:09:14.844 INFO  com.kibot.macengine.runtime.MacEngineDaemon - Mac engine daemon loop started.
03:09:14.872 INFO  io.ktor.server.Application - Autoreload is disabled because the development mode is off.
03:09:14.966 INFO  io.ktor.server.Application - Application started in 0.133 seconds.
03:09:14.987 INFO  io.ktor.server.Application - Responding at http://0.0.0.0:8787
03:09:33.583 INFO  com.kibot.macengine.runtime.MacEngineDaemon - TRAILING_FLOOR_UPDATED pair=trx_idr entry=5423.00000000 peak=5446.00000000 floor=5364.31000000 current=5423.00000000 armed=false trailDropPct=1.50
03:09:33.662 INFO  com.kibot.macengine.runtime.MacEngineDaemon - TRAILING_FLOOR_UPDATED pair=xlm_idr entry=2699.00000000 peak=2699.00000000 floor=2658.51500000 current=2699.00000000 armed=false trailDropPct=1.50
03:09:33.664 INFO  com.kibot.macengine.runtime.MacEngineDaemon - [WHY_NOT_BUY] pair=entry reason=trinity_heartbeat_safe_mode
03:09:45.765 INFO  com.kibot.macengine.runtime.MacEngineDaemon - [WHY_NOT_BUY] pair=entry reason=trinity_heartbeat_safe_mode
03:09:58.390 INFO  com.kibot.macengine.runtime.MacEngineDaemon - [WHY_NOT_BUY] pair=entry reason=trinity_heartbeat_safe_mode
03:10:09.540 INFO  com.kibot.macengine.runtime.MacEngineDaemon - [WHY_NOT_BUY] pair=entry reason=trinity_heartbeat_safe_mode
03:18:26.385 INFO  KiBotMac - Shutting down KiBot mac engine.
Exception in thread "KtorShutdownHook" java.lang.NoClassDefFoundError: io/ktor/server/cio/CIOApplicationEngine$stop$1
	at io.ktor.server.cio.CIOApplicationEngine.stop(CIOApplicationEngine.kt:107)
	at io.ktor.server.engine.EmbeddedServer.stop(EmbeddedServerJvm.kt:333)
	at io.ktor.server.engine.EmbeddedServer.stop(EmbeddedServerJvm.kt:346)
	at io.ktor.server.engine.EmbeddedServer.stop$default(EmbeddedServerJvm.kt:345)
	at io.ktor.server.engine.EmbeddedServer.start$lambda$21(EmbeddedServerJvm.kt:297)
	at io.ktor.server.engine.ShutdownHook.run(ShutdownHookJvm.kt:38)
Caused by: java.lang.ClassNotFoundException: io.ktor.server.cio.CIOApplicationEngine$stop$1
	at java.base/jdk.internal.loader.BuiltinClassLoader.loadClass(BuiltinClassLoader.java:641)
	at java.base/jdk.internal.loader.ClassLoaders$AppClassLoader.loadClass(ClassLoaders.java:188)
	at java.base/java.lang.ClassLoader.loadClass(ClassLoader.java:526)
	... 6 more
